HTTP/1.1 400 Bad Request
Connection: close
Content-Type: application/json; charset=utf-8

{
  "erorr_code": 11001,
  "error_message": "不正なリクエストです: missing required fields in request header"
}