HTTP/1.1 404 Not Found
Connection: close
Content-Type: application/json; charset=utf-8

{
  "erorr_code": 12001,
  "error_message": "ユーザーが見つかりません"
}