HTTP/1.1 500 Internal Server Error
Connection: close
Content-Type: application/json; charset=utf-8

{
  "erorr_code": 10000,
  "error_message": "エラーが発生しました"
}